// Jest Snapshot v1, https://goo.gl/fbAQLP

exports[`App renders without crashing 1`] = `
<div>
  <header
    className="header"
  >
    <Video />
    <div
      className="header__text-box"
    >
      <h1
        className="heading-primary"
      >
        <span
          className="heading-primary--main"
        >
          Ultimate
        </span>
        <span
          className="heading-primary--sub"
        >
          your trip at Japan
        </span>
      </h1>
    </div>
  </header>
  <main
    className="main"
  >
    <div
      className="App"
    >
      <InputForm />
    </div>
  </main>
  <footer
    className="footer"
  />
</div>
`;
